// Jest Snapshot v1, https://goo.gl/fbAQLP

exports[`<Profile/> matches snapshot 1`] = `
<div>
  <div>
    <b>
      jamong
    </b>
    <span>
      (
      oseung
      )
    </span>
  </div>
</div>
`;
